# 19 datasets x 4 frameworks x 5 runs (predict=v3)
# Email-Enron.col                  cuSL_ELS_SDC                   ca=   2.54ms pa=   2.33ms colors= 28.0 wall=   0.4s
# Email-Enron.col                  cuSL_ELS_SDC_CTA               ca=   2.53ms pa=   3.82ms colors= 28.0 wall=   0.4s
# Email-Enron.col                  cuSL_ELS_SDC_CTA_S             ca=   2.53ms pa=   2.04ms colors= 28.0 wall=   0.4s
# Email-Enron.col                  cuSL_ELS_SDC_CTA_S_D           ca=   2.50ms pa=   1.05ms colors= 28.0 wall=   0.3s
# Slashdot0811                     cuSL_ELS_SDC                   ca=   3.06ms pa=   3.75ms colors= 33.0 wall=   0.4s
# Slashdot0811                     cuSL_ELS_SDC_CTA               ca=   3.03ms pa=   7.20ms colors= 33.0 wall=   0.4s
# Slashdot0811                     cuSL_ELS_SDC_CTA_S             ca=   3.04ms pa=   3.05ms colors= 33.0 wall=   0.4s
# Slashdot0811                     cuSL_ELS_SDC_CTA_S_D           ca=   2.84ms pa=   1.79ms colors= 31.0 wall=   0.4s
# Slashdot0902                     cuSL_ELS_SDC                   ca=   2.95ms pa=   4.05ms colors= 34.0 wall=   0.4s
# Slashdot0902                     cuSL_ELS_SDC_CTA               ca=   2.96ms pa=   7.47ms colors= 34.0 wall=   0.4s
# Slashdot0902                     cuSL_ELS_SDC_CTA_S             ca=   2.96ms pa=   3.22ms colors= 34.0 wall=   0.4s
# Slashdot0902                     cuSL_ELS_SDC_CTA_S_D           ca=   2.89ms pa=   1.93ms colors= 33.0 wall=   0.4s
# Stanford                         cuSL_ELS_SDC                   ca=  11.08ms pa=  22.87ms colors= 61.0 wall=   0.6s
# Stanford                         cuSL_ELS_SDC_CTA               ca=  11.18ms pa=  26.48ms colors= 61.0 wall=   0.6s
# Stanford                         cuSL_ELS_SDC_CTA_S             ca=  11.12ms pa=  15.80ms colors= 61.0 wall=   0.5s
# Stanford                         cuSL_ELS_SDC_CTA_S_D           ca=  11.08ms pa=   8.24ms colors= 61.0 wall=   0.5s
# as-skitter                       cuSL_ELS_SDC                   ca=  27.58ms pa= 131.93ms colors= 67.0 wall=   1.7s
# as-skitter                       cuSL_ELS_SDC_CTA               ca=  28.09ms pa= 121.95ms colors= 67.0 wall=   1.6s
# as-skitter                       cuSL_ELS_SDC_CTA_S             ca=  28.02ms pa=  90.44ms colors= 67.0 wall=   1.5s
# as-skitter                       cuSL_ELS_SDC_CTA_S_D           ca=  27.35ms pa=  37.23ms colors= 68.0 wall=   1.2s
# cit-Patents                      cuSL_ELS_SDC                   ca=  45.73ms pa= 200.75ms colors= 13.0 wall=   3.6s
# cit-Patents                      cuSL_ELS_SDC_CTA               ca=  45.70ms pa= 240.04ms colors= 13.0 wall=   3.8s
# cit-Patents                      cuSL_ELS_SDC_CTA_S             ca=  45.76ms pa= 195.44ms colors= 13.0 wall=   3.6s
# cit-Patents                      cuSL_ELS_SDC_CTA_S_D           ca=  44.04ms pa=  50.53ms colors= 13.0 wall=   2.9s
# delaunay_n24                     cuSL_ELS_SDC                   ca=  65.06ms pa= 132.88ms colors=  6.0 wall=   4.2s
# delaunay_n24                     cuSL_ELS_SDC_CTA               ca=  64.92ms pa=  93.56ms colors=  6.0 wall=   4.0s
# delaunay_n24                     cuSL_ELS_SDC_CTA_S             ca=  65.05ms pa=  91.97ms colors=  6.0 wall=   4.0s
# delaunay_n24                     cuSL_ELS_SDC_CTA_S_D           ca=  37.51ms pa=  39.42ms colors=  6.0 wall=   3.6s
# europe_osm                       cuSL_ELS_SDC                   ca=  38.58ms pa=  82.02ms colors=  4.0 wall=   6.9s
# europe_osm                       cuSL_ELS_SDC_CTA               ca=  38.61ms pa=  39.63ms colors=  4.0 wall=   6.8s
# europe_osm                       cuSL_ELS_SDC_CTA_S             ca=  38.63ms pa=  39.14ms colors=  4.0 wall=   6.7s
# europe_osm                       cuSL_ELS_SDC_CTA_S_D           ca=  35.12ms pa=  31.90ms colors=  4.0 wall=   6.6s
# facebook                         cuSL_ELS_SDC                   ca=   3.40ms pa=   3.10ms colors= 73.0 wall=   0.4s
# facebook                         cuSL_ELS_SDC_CTA               ca=   3.43ms pa=   3.93ms colors= 73.0 wall=   0.4s
# facebook                         cuSL_ELS_SDC_CTA_S             ca=   3.43ms pa=   2.97ms colors= 73.0 wall=   0.3s
# facebook                         cuSL_ELS_SDC_CTA_S_D           ca=   3.38ms pa=   1.39ms colors= 74.0 wall=   0.3s
# le450_25d                        cuSL_ELS_SDC                   ca=   2.35ms pa=   0.94ms colors= 30.0 wall=   0.3s
# le450_25d                        cuSL_ELS_SDC_CTA               ca=   2.38ms pa=   1.05ms colors= 30.0 wall=   0.3s
# le450_25d                        cuSL_ELS_SDC_CTA_S             ca=   2.33ms pa=   0.92ms colors= 30.0 wall=   0.3s
# le450_25d                        cuSL_ELS_SDC_CTA_S_D           ca=   2.34ms pa=   0.57ms colors= 31.0 wall=   0.3s
# r4-2e23.sym                      cuSL_ELS_SDC                   ca= 123.02ms pa=  82.44ms colors=  6.0 wall=   6.9s
# r4-2e23.sym                      cuSL_ELS_SDC_CTA               ca= 122.47ms pa=  64.46ms colors=  6.0 wall=   6.7s
# r4-2e23.sym                      cuSL_ELS_SDC_CTA_S             ca= 123.08ms pa=  64.39ms colors=  6.0 wall=   6.7s
# r4-2e23.sym                      cuSL_ELS_SDC_CTA_S_D           ca=  90.03ms pa=  50.48ms colors=  7.0 wall=   6.5s
# rmat22.sym                       cuSL_ELS_SDC                   ca= 176.34ms pa=  90.96ms colors= 36.0 wall=   5.5s
# rmat22.sym                       cuSL_ELS_SDC_CTA               ca= 175.24ms pa= 169.32ms colors= 36.0 wall=   5.8s
# rmat22.sym                       cuSL_ELS_SDC_CTA_S             ca= 177.43ms pa=  92.94ms colors= 36.0 wall=   5.5s
# rmat22.sym                       cuSL_ELS_SDC_CTA_S_D           ca= 170.69ms pa=  60.05ms colors= 37.0 wall=   5.4s
# school1                          cuSL_ELS_SDC                   ca=   1.74ms pa=   1.40ms colors= 16.0 wall=   0.3s
# school1                          cuSL_ELS_SDC_CTA               ca=   1.76ms pa=   1.36ms colors= 16.0 wall=   0.3s
# school1                          cuSL_ELS_SDC_CTA_S             ca=   1.73ms pa=   1.29ms colors= 16.0 wall=   0.3s
# school1                          cuSL_ELS_SDC_CTA_S_D           ca=   1.72ms pa=   0.79ms colors= 14.0 wall=   0.3s
# soc-Epinions1.col                cuSL_ELS_SDC                   ca=   3.58ms pa=   4.50ms colors= 34.0 wall=   0.4s
# soc-Epinions1.col                cuSL_ELS_SDC_CTA               ca=   3.55ms pa=   7.04ms colors= 34.0 wall=   0.4s
# soc-Epinions1.col                cuSL_ELS_SDC_CTA_S             ca=   3.55ms pa=   3.48ms colors= 34.0 wall=   0.4s
# soc-Epinions1.col                cuSL_ELS_SDC_CTA_S_D           ca=   3.79ms pa=   1.79ms colors= 34.0 wall=   0.4s
# soc-pokec-relationships.col      cuSL_ELS_SDC                   ca= 116.29ms pa= 122.94ms colors= 29.0 wall=   2.8s
# soc-pokec-relationships.col      cuSL_ELS_SDC_CTA               ca= 115.76ms pa= 212.68ms colors= 29.0 wall=   3.2s
# soc-pokec-relationships.col      cuSL_ELS_SDC_CTA_S             ca= 118.05ms pa= 120.05ms colors= 29.0 wall=   2.8s
# soc-pokec-relationships.col      cuSL_ELS_SDC_CTA_S_D           ca=  99.99ms pa=  47.92ms colors= 29.0 wall=   2.3s
# twitter_combined                 cuSL_ELS_SDC                   ca=   5.63ms pa=  26.06ms colors= 72.0 wall=   0.5s
# twitter_combined                 cuSL_ELS_SDC_CTA               ca=   5.77ms pa=  34.16ms colors= 72.0 wall=   0.6s
# twitter_combined                 cuSL_ELS_SDC_CTA_S             ca=   5.61ms pa=  22.49ms colors= 72.0 wall=   0.5s
# twitter_combined                 cuSL_ELS_SDC_CTA_S_D           ca=   5.63ms pa=   8.33ms colors= 73.0 wall=   0.4s
# wiki-Talk.col                    cuSL_ELS_SDC                   ca=  13.43ms pa=  49.26ms colors= 55.0 wall=   0.9s
# wiki-Talk.col                    cuSL_ELS_SDC_CTA               ca=  13.42ms pa=  38.38ms colors= 55.0 wall=   0.9s
# wiki-Talk.col                    cuSL_ELS_SDC_CTA_S             ca=  13.32ms pa=  23.48ms colors= 55.0 wall=   0.8s
# wiki-Talk.col                    cuSL_ELS_SDC_CTA_S_D           ca=  12.94ms pa=  13.90ms colors= 56.0 wall=   0.7s
# wiki-Vote.col                    cuSL_ELS_SDC                   ca=   2.54ms pa=   1.80ms colors= 26.0 wall=   0.3s
# wiki-Vote.col                    cuSL_ELS_SDC_CTA               ca=   2.47ms pa=   2.56ms colors= 26.0 wall=   0.4s
# wiki-Vote.col                    cuSL_ELS_SDC_CTA_S             ca=   2.50ms pa=   1.61ms colors= 26.0 wall=   0.3s
# wiki-Vote.col                    cuSL_ELS_SDC_CTA_S_D           ca=   2.44ms pa=   0.95ms colors= 27.0 wall=   0.4s
# youtube                          cuSL_ELS_SDC                   ca=   6.45ms pa=  25.54ms colors= 29.0 wall=   0.7s
# youtube                          cuSL_ELS_SDC_CTA               ca=   6.46ms pa=  28.41ms colors= 29.0 wall=   0.7s
# youtube                          cuSL_ELS_SDC_CTA_S             ca=   6.40ms pa=  16.19ms colors= 29.0 wall=   0.7s
# youtube                          cuSL_ELS_SDC_CTA_S_D           ca=   6.43ms pa=   8.92ms colors= 28.0 wall=   0.6s
# wrote scripts/breakdown_predict_v3.json
